[     752ms] [ERROR] Mixed Content: The page at 'https://www.automationexercise.com/login' was loaded over HTTPS, but requested an insecure stylesheet 'http://fonts.googleapis.com/css?family=Roboto:400,300,400italic,500,700,100'. This request has been blocked; the content must be served over HTTPS. @ https://www.automationexercise.com/login:18
[     753ms] [ERROR] Mixed Content: The page at 'https://www.automationexercise.com/login' was loaded over HTTPS, but requested an insecure stylesheet 'http://fonts.googleapis.com/css?family=Open+Sans:400,800,300,600,700'. This request has been blocked; the content must be served over HTTPS. @ https://www.automationexercise.com/login:18
[     754ms] [ERROR] Mixed Content: The page at 'https://www.automationexercise.com/login' was loaded over HTTPS, but requested an insecure stylesheet 'http://fonts.googleapis.com/css?family=Abel'. This request has been blocked; the content must be served over HTTPS. @ https://www.automationexercise.com/login:18
[     799ms] [VERBOSE] [DOM] Input elements should have autocomplete attributes (suggested: "current-password"): (More info: https://goo.gl/9p2vKq) %o @ https://www.automationexercise.com/login:0
[    6634ms] [ERROR] Attestation check for Shared Storage on https://www.googleadservices.com failed. @ https://www.googleadservices.com/pagead/managed/js/activeview/current/reach_worklet.html:0
[    6634ms] [ERROR] Attestation check for Shared Storage on https://www.googleadservices.com failed. @ https://www.googleadservices.com/pagead/managed/js/activeview/current/reach_worklet.html:0
[    7446ms] [ERROR] Attestation check for Shared Storage on https://www.googleadservices.com failed. @ https://www.googleadservices.com/pagead/managed/js/activeview/current/reach_worklet.html:0
[    9671ms] [ERROR] Mixed Content: The page at 'https://www.automationexercise.com/signup' was loaded over HTTPS, but requested an insecure stylesheet 'http://fonts.googleapis.com/css?family=Roboto:400,300,400italic,500,700,100'. This request has been blocked; the content must be served over HTTPS. @ https://www.automationexercise.com/signup:18
[    9671ms] [ERROR] Mixed Content: The page at 'https://www.automationexercise.com/signup' was loaded over HTTPS, but requested an insecure stylesheet 'http://fonts.googleapis.com/css?family=Open+Sans:400,800,300,600,700'. This request has been blocked; the content must be served over HTTPS. @ https://www.automationexercise.com/signup:18
[    9672ms] [ERROR] Mixed Content: The page at 'https://www.automationexercise.com/signup' was loaded over HTTPS, but requested an insecure stylesheet 'http://fonts.googleapis.com/css?family=Abel'. This request has been blocked; the content must be served over HTTPS. @ https://www.automationexercise.com/signup:18
[    9788ms] [VERBOSE] [DOM] Input elements should have autocomplete attributes (suggested: "current-password"): (More info: https://goo.gl/9p2vKq) %o @ https://www.automationexercise.com/signup:0
[   12055ms] [ERROR] Attestation check for Shared Storage on https://www.googleadservices.com failed. @ https://www.googleadservices.com/pagead/managed/js/activeview/current/reach_worklet.html:0
[   12501ms] [ERROR] Failed to load resource: the server responded with a status of 404 () @ https://static.admaster.cc/js/admaster/cookieSync.html?tn=2ce2e6e33746b4224011d22068a89c02:0
[   12055ms] [ERROR] Attestation check for Shared Storage on https://www.googleadservices.com failed. @ https://www.googleadservices.com/pagead/managed/js/activeview/current/reach_worklet.html:0
[   12903ms] [ERROR] Attestation check for Shared Storage on https://www.googleadservices.com failed. @ https://www.googleadservices.com/pagead/managed/js/activeview/current/reach_worklet.html:0
[   67277ms] [ERROR] Mixed Content: The page at 'https://www.automationexercise.com/account_created' was loaded over HTTPS, but requested an insecure stylesheet 'http://fonts.googleapis.com/css?family=Roboto:400,300,400italic,500,700,100'. This request has been blocked; the content must be served over HTTPS. @ https://www.automationexercise.com/account_created:18
[   67277ms] [ERROR] Mixed Content: The page at 'https://www.automationexercise.com/account_created' was loaded over HTTPS, but requested an insecure stylesheet 'http://fonts.googleapis.com/css?family=Open+Sans:400,800,300,600,700'. This request has been blocked; the content must be served over HTTPS. @ https://www.automationexercise.com/account_created:18
[   67277ms] [ERROR] Mixed Content: The page at 'https://www.automationexercise.com/account_created' was loaded over HTTPS, but requested an insecure stylesheet 'http://fonts.googleapis.com/css?family=Abel'. This request has been blocked; the content must be served over HTTPS. @ https://www.automationexercise.com/account_created:18
[   73847ms] [ERROR] Attestation check for Shared Storage on https://www.googleadservices.com failed. @ https://www.googleadservices.com/pagead/managed/js/activeview/current/reach_worklet.html:0
[   74170ms] [ERROR] Failed to load resource: the server responded with a status of 404 () @ https://static.admaster.cc/js/admaster/cookieSync.html?tn=2ce2e6e33746b4224011d22068a89c02:0
[   73847ms] [ERROR] Attestation check for Shared Storage on https://www.googleadservices.com failed. @ https://www.googleadservices.com/pagead/managed/js/activeview/current/reach_worklet.html:0
[   74591ms] [ERROR] Attestation check for Shared Storage on https://www.googleadservices.com failed. @ https://www.googleadservices.com/pagead/managed/js/activeview/current/reach_worklet.html:0
